   Compiling proc-macro2 v1.0.105
   Compiling unicode-ident v1.0.22
   Compiling quote v1.0.43
   Compiling cfg-if v1.0.4
   Compiling libc v0.2.179
   Compiling once_cell v1.21.3
   Compiling getrandom v0.3.4
   Compiling zerocopy v0.8.31
   Compiling regex-syntax v0.8.8
   Compiling crossbeam-utils v0.8.21
   Compiling serde_core v1.0.228
   Compiling autocfg v1.5.0
   Compiling crossbeam-epoch v0.9.20
   Compiling serde v1.0.228
   Compiling rustix v1.1.3
   Compiling zmij v1.0.12
   Compiling bitflags v2.13.1
   Compiling rayon-core v1.13.0
   Compiling serde_json v1.0.148
   Compiling either v1.15.0
   Compiling linux-raw-sys v0.11.0
   Compiling pin-project-lite v0.2.16
   Compiling log v0.4.29
   Compiling thiserror v1.0.69
   Compiling fastrand v2.3.0
   Compiling itoa v1.0.17
   Compiling lazy_static v1.5.0
   Compiling ciborium-io v0.2.2
   Compiling memchr v2.7.6
   Compiling plotters-backend v0.3.7
   Compiling anstyle v1.0.13
   Compiling clap_lex v0.7.6
   Compiling sharded-slab v0.1.7
   Compiling thread_local v1.1.9
   Compiling fnv v1.0.7
   Compiling bit-vec v0.8.0
   Compiling quick-error v1.2.3
   Compiling cast v0.3.0
   Compiling same-file v1.0.6
   Compiling tracing-core v0.1.36
   Compiling plotters-svg v0.3.7
   Compiling clap_builder v4.5.54
   Compiling itertools v0.10.5
   Compiling smallvec v1.15.1
   Compiling manzana v0.3.0 (/tmp/manzana-e2e)
   Compiling nu-ansi-term v0.50.3
   Compiling bit-set v0.8.0
   Compiling walkdir v2.5.0
   Compiling oorandom v11.1.5
   Compiling unarray v0.1.4
   Compiling anes v0.1.6
   Compiling num-traits v0.2.19
warning: manzana@0.3.0: provable-contracts: 1 binding(s) resolved
   Compiling tracing-log v0.2.0
   Compiling syn v2.0.113
   Compiling crossbeam-deque v0.8.6
   Compiling plotters v0.3.7
   Compiling wait-timeout v0.2.1
   Compiling is-terminal v0.4.17
   Compiling rand_core v0.9.3
   Compiling rand_xorshift v0.4.0
   Compiling rand v0.9.2
   Compiling criterion-plot v0.5.0
   Compiling rayon v1.11.0
   Compiling regex-automata v0.4.13
   Compiling clap v4.5.54
   Compiling tempfile v3.24.0
   Compiling rusty-fork v0.3.1
   Compiling zerocopy-derive v0.8.31
   Compiling tracing-attributes v0.1.31
   Compiling serde_derive v1.0.228
   Compiling thiserror-impl v1.0.69
   Compiling tracing-test-macro v0.2.5
   Compiling provable-contracts-macros v0.1.1
   Compiling matchers v0.2.0
   Compiling regex v1.12.2
   Compiling tracing v0.1.44
   Compiling tracing-subscriber v0.3.22
   Compiling tracing-test v0.2.5
   Compiling half v2.7.1
   Compiling ppv-lite86 v0.2.21
   Compiling tinytemplate v1.2.1
   Compiling ciborium-ll v0.2.2
   Compiling rand_chacha v0.9.0
   Compiling ciborium v0.2.2
   Compiling proptest v1.9.0
   Compiling criterion v0.5.1
    Finished `test` profile [optimized + debuginfo] target(s) in 11.83s
     Running tests/e2e.rs (target/debug/deps/e2e-0e4cd33feaf4e946)

running 7 tests
test e2e_detection_agrees_with_enumeration ... ok
test e2e_errors_are_actionable ... ok
test e2e_no_fabricated_devices ... ok
test e2e_no_operation_fabricates_a_result ... ok
test e2e_tensor_contract_holds ... ok
test e2e_platform_expectations ... ok
test e2e_uma_buffer_is_a_real_allocation ... ok

test result: ok. 7 passed; 0 failed; 0 ignored; 0 measured; 0 filtered out; finished in 0.00s

